-15
3
50
7
2
-3
12
15
0
true
false
true
false
true
false
true
true
5
6
4
5
5
-1
