( 5, 10 ) is not important.abc
( -1, 24 ) is important.cba
